C:\Users\kruth\Downloads\vehicle-parking-system\vehicle-parking-system\src\main\java\com\parking\vehicle_parking_system\controller\UserController.java
C:\Users\kruth\Downloads\vehicle-parking-system\vehicle-parking-system\src\main\java\com\parking\vehicle_parking_system\model\ParkingSlot.java
C:\Users\kruth\Downloads\vehicle-parking-system\vehicle-parking-system\src\main\java\com\parking\vehicle_parking_system\model\User.java
C:\Users\kruth\Downloads\vehicle-parking-system\vehicle-parking-system\src\main\java\com\parking\vehicle_parking_system\model\Vehicle.java
C:\Users\kruth\Downloads\vehicle-parking-system\vehicle-parking-system\src\main\java\com\parking\vehicle_parking_system\repository\ParkingSlotRepository.java
C:\Users\kruth\Downloads\vehicle-parking-system\vehicle-parking-system\src\main\java\com\parking\vehicle_parking_system\repository\UserRepository.java
C:\Users\kruth\Downloads\vehicle-parking-system\vehicle-parking-system\src\main\java\com\parking\vehicle_parking_system\repository\VehicleRepository.java
C:\Users\kruth\Downloads\vehicle-parking-system\vehicle-parking-system\src\main\java\com\parking\vehicle_parking_system\service\UserService.java
C:\Users\kruth\Downloads\vehicle-parking-system\vehicle-parking-system\src\main\java\com\parking\vehicle_parking_system\VehicleParkingSystemApplication.java
